** Drc report for lightfury_left.kicad_pcb **
** Created on 2026-06-04T16:19:29-0500 **

** Found 44 DRC violations **
[copper_edge_clearance]: Board edge clearance violation (board setup constraints edge clearance 0.5000 mm; actual 0.1500 mm)
    Rule: board setup constraints edge; error
    @(177.3582 mm, 189.0944 mm): Segment of RE1 on Edge.Cuts
    @(178.4709 mm, 187.8396 mm): Pad [<no net>] of RE1 on F.Cu
[copper_edge_clearance]: Board edge clearance violation (board setup constraints edge clearance 0.5000 mm; actual 0.1500 mm)
    Rule: board setup constraints edge; error
    @(177.3582 mm, 189.0944 mm): Segment of RE1 on Edge.Cuts
    @(185.7153 mm, 189.7807 mm): Pad [<no net>] of RE1 on F.Cu
[copper_edge_clearance]: Board edge clearance violation (board setup constraints edge clearance 0.5000 mm; actual 0.0000 mm)
    Rule: board setup constraints edge; error
    @(177.3582 mm, 189.0944 mm): Segment of RE1 on Edge.Cuts
    @(183.8955 mm, 189.8108 mm): Pad A [ROLLUP] of RE1 on F.Cu
[copper_edge_clearance]: Board edge clearance violation (board setup constraints edge clearance 0.5000 mm; actual 0.0000 mm)
    Rule: board setup constraints edge; error
    @(177.3582 mm, 189.0944 mm): Segment of RE1 on Edge.Cuts
    @(181.9637 mm, 189.2931 mm): Pad B [GND] of RE1 on F.Cu
[copper_edge_clearance]: Board edge clearance violation (board setup constraints edge clearance 0.5000 mm; actual 0.0000 mm)
    Rule: board setup constraints edge; error
    @(177.3582 mm, 189.0944 mm): Segment of RE1 on Edge.Cuts
    @(180.0318 mm, 188.7755 mm): Pad C [ROLLDN] of RE1 on F.Cu
[silk_edge_clearance]: Silkscreen clipped by board edge
    Rule: board setup constraints silk; warning
    @(181.2036 mm, 186.3918 mm): Segment of RE1 on Edge.Cuts
    @(169.3881 mm, 201.4526 mm): Polygon of RE1 on F.Silkscreen
[lib_footprint_mismatch]: Footprint 'C_0603_1608Metric' does not match copy in library 'Capacitor_SMD'.
    Local override; warning
    @(193.3069 mm, 202.2028 mm): Footprint C2
[lib_footprint_mismatch]: Footprint 'SOT-23-6' does not match copy in library 'Package_TO_SOT_SMD'.
    Local override; warning
    @(192.6119 mm, 197.1203 mm): Footprint U1
[lib_footprint_mismatch]: Footprint 'C_0603_1608Metric' does not match copy in library 'Capacitor_SMD'.
    Local override; warning
    @(198.2569 mm, 200.8378 mm): Footprint C1
[lib_footprint_issues]: The current configuration does not include the footprint library 'ceoloide'.
    Local override; warning
    @(180.5620 mm, 232.7523 mm): Footprint MH6
[lib_footprint_issues]: The current configuration does not include the footprint library 'ceoloide'.
    Local override; warning
    @(107.9553 mm, 122.7773 mm): Footprint MH3
[lib_footprint_issues]: The current configuration does not include the footprint library 'ceoloide'.
    Local override; warning
    @(201.2223 mm, 216.9677 mm): Footprint MH7
[lib_footprint_issues]: The current configuration does not include the footprint library 'ceoloide'.
    Local override; warning
    @(186.4553 mm, 143.9773 mm): Footprint MCU1
[lib_footprint_issues]: The current configuration does not include the footprint library 'ceoloide'.
    Local override; warning
    @(71.9950 mm, 211.7062 mm): Footprint MH2
[lib_footprint_issues]: The current configuration does not include the footprint library 'ceoloide'.
    Local override; warning
    @(201.7003 mm, 200.7773 mm): Footprint PWR1
[lib_footprint_issues]: The current configuration does not include the footprint library 'ceoloide'.
    Local override; warning
    @(133.9553 mm, 122.7773 mm): Footprint MH4
[lib_footprint_mismatch]: Footprint 'SOT-23-5' does not match copy in library 'Package_TO_SOT_SMD'.
    Local override; warning
    @(195.7819 mm, 201.4253 mm): Footprint U2
[lib_footprint_issues]: The current configuration does not include the footprint library 'ceoloide'.
    Local override; warning
    @(132.9553 mm, 221.7773 mm): Footprint MH5
[lib_footprint_issues]: The current configuration does not include the footprint library 'ceoloide'.
    Local override; warning
    @(69.5244 mm, 129.8908 mm): Footprint MH1
[lib_footprint_mismatch]: Footprint 'L_CJIANG_FTC404030S_4.1x4.1x3.0_SMD' does not match copy in library 'huntercook'.
    Local override; warning
    @(196.6569 mm, 197.0378 mm): Footprint L1
[lib_footprint_mismatch]: Footprint 'R_0603_1608Metric' does not match copy in library 'Resistor_SMD'.
    Local override; warning
    @(190.3000 mm, 200.7000 mm): Footprint R2
[lib_footprint_mismatch]: Footprint 'R_0603_1608Metric' does not match copy in library 'Resistor_SMD'.
    Local override; warning
    @(192.5569 mm, 199.9378 mm): Footprint R1
[lib_footprint_issues]: The current configuration does not include the footprint library 'ceoloide'.
    Local override; warning
    @(173.9553 mm, 128.7773 mm): Footprint RST1
[lib_footprint_issues]: The current configuration does not include the footprint library 'ceoloide'.
    Local override; warning
    @(198.9553 mm, 210.7773 mm): Footprint JST1
[text_height]: Text height out of range (board setup constraints silk text height min height 0.8000 mm; actual 0.5000 mm)
    Rule: board setup constraints silk text height; warning
    @(193.2569 mm, 204.7978 mm): Value field of C2 (10μF)
[text_thickness]: Text thickness out of range (board setup constraints silk text thickness min thickness 0.0800 mm; actual 0.0500 mm)
    Rule: board setup constraints silk text thickness; warning
    @(190.6119 mm, 197.0778 mm): Value field of U1 (TLV61070ADBV)
[text_height]: Text height out of range (board setup constraints silk text height min height 0.8000 mm; actual 0.3000 mm)
    Rule: board setup constraints silk text height; warning
    @(190.6119 mm, 197.0778 mm): Value field of U1 (TLV61070ADBV)
[text_height]: Text height out of range (board setup constraints silk text height min height 0.8000 mm; actual 0.5000 mm)
    Rule: board setup constraints silk text height; warning
    @(199.5569 mm, 200.9378 mm): Value field of C1 (10μF)
[text_thickness]: Text thickness out of range (board setup constraints silk text thickness min thickness 0.0800 mm; actual 0.0500 mm)
    Rule: board setup constraints silk text thickness; warning
    @(196.2569 mm, 203.8378 mm): Value field of U2 (SN74LV1T126DBVR)
[text_height]: Text height out of range (board setup constraints silk text height min height 0.8000 mm; actual 0.3000 mm)
    Rule: board setup constraints silk text height; warning
    @(196.2569 mm, 203.8378 mm): Value field of U2 (SN74LV1T126DBVR)
[text_height]: Text height out of range (board setup constraints silk text height min height 0.8000 mm; actual 0.5000 mm)
    Rule: board setup constraints silk text height; warning
    @(199.4369 mm, 197.0278 mm): Value field of L1 (2.2μH)
[text_height]: Text height out of range (board setup constraints silk text height min height 0.8000 mm; actual 0.5000 mm)
    Rule: board setup constraints silk text height; warning
    @(190.2200 mm, 203.2650 mm): Value field of R2 (51kΩ)
[text_height]: Text height out of range (board setup constraints silk text height min height 0.8000 mm; actual 0.5000 mm)
    Rule: board setup constraints silk text height; warning
    @(189.7519 mm, 199.9678 mm): Value field of R1 (470kΩ)
[silk_over_copper]: Silkscreen clipped by solder mask
    Local override; warning
    @(202.7053 mm, 178.7773 mm): Polygon of LCD1 on F.Silkscreen
[silk_over_copper]: Silkscreen clipped by solder mask
    Local override; warning
    @(199.5569 mm, 200.9378 mm): Value field of C1 (10μF)
[silk_over_copper]: Silkscreen clipped by solder mask
    Local override; warning
    @(193.2300 mm, 202.2000 mm): Reference field of C3
[silk_over_copper]: Silkscreen clipped by solder mask
    Local override; warning
    @(189.7519 mm, 199.9678 mm): Value field of R1 (470kΩ)
[silk_overlap]: Silkscreen overlap
    Rule: board setup constraints silk; warning
    @(202.7053 mm, 178.7773 mm): Polygon of LCD1 on F.Silkscreen
    @(191.1984 mm, 139.5332 mm): Footprint text of MCU1 (3V3)
[silk_overlap]: Silkscreen overlap
    Rule: board setup constraints silk; warning
    @(202.7053 mm, 178.7773 mm): Polygon of LCD1 on F.Silkscreen
    @(197.2708 mm, 131.3294 mm): Segment of MCU1 on F.Silkscreen
[silk_overlap]: Silkscreen overlap
    Rule: board setup constraints silk; warning
    @(202.7053 mm, 178.7773 mm): Polygon of LCD1 on F.Silkscreen
    @(194.6366 mm, 130.9592 mm): Segment of MCU1 on F.Silkscreen
[silk_overlap]: Silkscreen overlap
    Rule: board setup constraints silk; warning
    @(202.7053 mm, 178.7773 mm): Polygon of LCD1 on F.Silkscreen
    @(179.5450 mm, 128.8382 mm): Segment of MCU1 on F.Silkscreen
[silk_overlap]: Silkscreen overlap
    Rule: board setup constraints silk; warning
    @(202.7053 mm, 178.7773 mm): Polygon of LCD1 on F.Silkscreen
    @(182.1791 mm, 129.2084 mm): Segment of MCU1 on F.Silkscreen
[silk_overlap]: Silkscreen overlap
    Rule: board setup constraints silk; warning
    @(194.1219 mm, 195.8203 mm): Polygon of U1 on F.Silkscreen
    @(194.3969 mm, 199.2978 mm): Segment of L1 on F.Silkscreen
[silk_overlap]: Silkscreen overlap
    Rule: board setup constraints silk; warning
    @(193.2300 mm, 202.2000 mm): Reference field of C3
    @(192.7969 mm, 202.0622 mm): Segment of C2 on F.Silkscreen

** Found 0 unconnected pads **

** Found 0 Footprint errors **

** End of Report **
