ERC report (2026-06-04T05:41:32-0500, Encoding UTF8)

***** Sheet /
[footprint_link_issues]: The current configuration does not include the footprint library ''.
    ; warning
    @(21.59 mm, 26.67 mm): Symbol S4 [PG1316S]
[footprint_link_issues]: The current configuration does not include the footprint library ''.
    ; warning
    @(34.29 mm, 26.67 mm): Symbol D4 [BAV70]
[footprint_link_issues]: The current configuration does not include the footprint library ''.
    ; warning
    @(21.59 mm, 41.91 mm): Symbol S3 [PG1316S]
[footprint_link_issues]: The current configuration does not include the footprint library ''.
    ; warning
    @(46.99 mm, 26.67 mm): Symbol S8 [PG1316S]
[footprint_link_issues]: The current configuration does not include the footprint library ''.
    ; warning
    @(34.29 mm, 41.91 mm): Symbol D3 [BAV70]
[footprint_link_issues]: The current configuration does not include the footprint library ''.
    ; warning
    @(21.59 mm, 57.15 mm): Symbol S2 [PG1316S]
[footprint_link_issues]: The current configuration does not include the footprint library ''.
    ; warning
    @(46.99 mm, 41.91 mm): Symbol S7 [PG1316S]
[footprint_link_issues]: The current configuration does not include the footprint library ''.
    ; warning
    @(60.96 mm, 26.67 mm): Symbol S12 [PG1316S]
[footprint_link_issues]: The current configuration does not include the footprint library ''.
    ; warning
    @(34.29 mm, 57.15 mm): Symbol D2 [BAV70]
[footprint_link_issues]: The current configuration does not include the footprint library ''.
    ; warning
    @(60.96 mm, 41.91 mm): Symbol S11 [PG1316S]
[footprint_link_issues]: The current configuration does not include the footprint library ''.
    ; warning
    @(46.99 mm, 57.15 mm): Symbol S6 [PG1316S]
[footprint_link_issues]: The current configuration does not include the footprint library ''.
    ; warning
    @(21.59 mm, 72.39 mm): Symbol S1 [PG1316S]
[footprint_link_issues]: The current configuration does not include the footprint library ''.
    ; warning
    @(73.66 mm, 26.67 mm): Symbol D8 [BAV70]
[footprint_link_issues]: The current configuration does not include the footprint library ''.
    ; warning
    @(34.29 mm, 72.39 mm): Symbol D1 [BAV70]
[footprint_link_issues]: The current configuration does not include the footprint library ''.
    ; warning
    @(60.96 mm, 57.15 mm): Symbol S10 [PG1316S]
[footprint_link_issues]: The current configuration does not include the footprint library ''.
    ; warning
    @(73.66 mm, 41.91 mm): Symbol D7 [BAV70]
[footprint_link_issues]: The current configuration does not include the footprint library ''.
    ; warning
    @(46.99 mm, 72.39 mm): Symbol S5 [PG1316S]
[footprint_link_issues]: The current configuration does not include the footprint library ''.
    ; warning
    @(86.36 mm, 26.67 mm): Symbol S16 [PG1316S]
[footprint_link_issues]: The current configuration does not include the footprint library ''.
    ; warning
    @(73.66 mm, 57.15 mm): Symbol D6 [BAV70]
[footprint_link_issues]: The current configuration does not include the footprint library ''.
    ; warning
    @(60.96 mm, 72.39 mm): Symbol S9 [PG1316S]
[footprint_link_issues]: The current configuration does not include the footprint library ''.
    ; warning
    @(86.36 mm, 41.91 mm): Symbol S15 [PG1316S]
[footprint_link_issues]: The current configuration does not include the footprint library ''.
    ; warning
    @(73.66 mm, 72.39 mm): Symbol D5 [BAV70]
[footprint_link_issues]: The current configuration does not include the footprint library ''.
    ; warning
    @(86.36 mm, 57.15 mm): Symbol S14 [PG1316S]
[footprint_link_issues]: The current configuration does not include the footprint library ''.
    ; warning
    @(100.33 mm, 26.67 mm): Symbol S20 [PG1316S]
[footprint_link_issues]: The current configuration does not include the footprint library ''.
    ; warning
    @(100.33 mm, 41.91 mm): Symbol S19 [PG1316S]
[footprint_link_issues]: The current configuration does not include the footprint library ''.
    ; warning
    @(60.96 mm, 90.17 mm): Symbol S25 [PG1316S]
[footprint_link_issues]: The current configuration does not include the footprint library ''.
    ; warning
    @(86.36 mm, 72.39 mm): Symbol S13 [PG1316S]
[footprint_link_issues]: The current configuration does not include the footprint library ''.
    ; warning
    @(100.33 mm, 57.15 mm): Symbol S18 [PG1316S]
[footprint_link_issues]: The current configuration does not include the footprint library ''.
    ; warning
    @(113.03 mm, 26.67 mm): Symbol D12 [BAV70]
[footprint_link_issues]: The current configuration does not include the footprint library ''.
    ; warning
    @(73.66 mm, 90.17 mm): Symbol D13 [BAV70]
[footprint_link_issues]: The current configuration does not include the footprint library ''.
    ; warning
    @(113.03 mm, 41.91 mm): Symbol D11 [BAV70]
[footprint_link_issues]: The current configuration does not include the footprint library ''.
    ; warning
    @(100.33 mm, 72.39 mm): Symbol S17 [PG1316S]
[footprint_link_issues]: The current configuration does not include the footprint library ''.
    ; warning
    @(86.36 mm, 90.17 mm): Symbol S26 [PG1316S]
[footprint_link_issues]: The current configuration does not include the footprint library ''.
    ; warning
    @(113.03 mm, 57.15 mm): Symbol D10 [BAV70]
[footprint_link_issues]: The current configuration does not include the footprint library ''.
    ; warning
    @(125.73 mm, 26.67 mm): Symbol S24 [PG1316S]
[footprint_link_issues]: The current configuration does not include the footprint library ''.
    ; warning
    @(125.73 mm, 41.91 mm): Symbol S23 [PG1316S]
[footprint_link_issues]: The current configuration does not include the footprint library ''.
    ; warning
    @(113.03 mm, 72.39 mm): Symbol D9 [BAV70]
[footprint_link_issues]: The current configuration does not include the footprint library ''.
    ; warning
    @(100.33 mm, 90.17 mm): Symbol S27 [PG1316S]
[footprint_link_issues]: The current configuration does not include the footprint library ''.
    ; warning
    @(125.73 mm, 57.15 mm): Symbol S22 [PG1316S]
[footprint_link_issues]: The current configuration does not include the footprint library ''.
    ; warning
    @(113.03 mm, 90.17 mm): Symbol D14 [BAV70]
[footprint_link_issues]: The current configuration does not include the footprint library ''.
    ; warning
    @(125.73 mm, 72.39 mm): Symbol S21 [PG1316S]
[footprint_link_issues]: The current configuration does not include the footprint library 'ceoloide'.
    ; warning
    @(71.12 mm, 137.16 mm): Symbol PWR1 [SW_SPDT]
[footprint_link_issues]: The current configuration does not include the footprint library ''.
    ; warning
    @(128.27 mm, 97.79 mm): Symbol RE1 [RotaryEncoder_Switch]
[footprint_link_issues]: The current configuration does not include the footprint library 'ceoloide'.
    ; warning
    @(90.17 mm, 134.62 mm): Symbol JST1 [Conn_01x02_Socket]
[footprint_link_issues]: The current configuration does not include the footprint library ''.
    ; warning
    @(163.83 mm, 29.21 mm): Symbol LED4 [WS2812B-2020]
[footprint_link_issues]: The current configuration does not include the footprint library ''.
    ; warning
    @(163.83 mm, 44.45 mm): Symbol LED3 [WS2812B-2020]
[footprint_link_issues]: The current configuration does not include the footprint library 'ceoloide'.
    ; warning
    @(48.26 mm, 163.83 mm): Symbol MCU1 [nice_nano]
[footprint_link_issues]: The current configuration does not include the footprint library 'ceoloide'.
    ; warning
    @(83.82 mm, 152.40 mm): Symbol RST1 [SW_Push_Dual]
[footprint_link_issues]: The current configuration does not include the footprint library ''.
    ; warning
    @(163.83 mm, 59.69 mm): Symbol LED2 [WS2812B-2020]
[footprint_link_issues]: The current configuration does not include the footprint library ''.
    ; warning
    @(163.83 mm, 74.93 mm): Symbol LED1 [WS2812B-2020]
[footprint_link_issues]: The current configuration does not include the footprint library ''.
    ; warning
    @(184.15 mm, 29.21 mm): Symbol LED16 [WS2812B-2020]
[footprint_link_issues]: The current configuration does not include the footprint library ''.
    ; warning
    @(184.15 mm, 44.45 mm): Symbol LED15 [WS2812B-2020]
[footprint_link_issues]: The current configuration does not include the footprint library ''.
    ; warning
    @(184.15 mm, 59.69 mm): Symbol LED14 [WS2812B-2020]
[footprint_link_issues]: The current configuration does not include the footprint library ''.
    ; warning
    @(184.15 mm, 74.93 mm): Symbol LED13 [WS2812B-2020]
[footprint_link_issues]: The current configuration does not include the footprint library ''.
    ; warning
    @(204.47 mm, 29.21 mm): Symbol LED8 [WS2812B-2020]
[footprint_link_issues]: The current configuration does not include the footprint library ''.
    ; warning
    @(123.19 mm, 166.37 mm): Symbol CONN1 [Conn_01x08_Socket]
[footprint_link_issues]: The current configuration does not include the footprint library ''.
    ; warning
    @(204.47 mm, 44.45 mm): Symbol LED7 [WS2812B-2020]
[footprint_link_issues]: The current configuration does not include the footprint library ''.
    ; warning
    @(204.47 mm, 59.69 mm): Symbol LED6 [WS2812B-2020]
[footprint_link_issues]: The current configuration does not include the footprint library ''.
    ; warning
    @(204.47 mm, 74.93 mm): Symbol LED5 [WS2812B-2020]
[footprint_link_issues]: The current configuration does not include the footprint library ''.
    ; warning
    @(224.79 mm, 29.21 mm): Symbol LED20 [WS2812B-2020]
[footprint_link_issues]: The current configuration does not include the footprint library ''.
    ; warning
    @(224.79 mm, 44.45 mm): Symbol LED19 [WS2812B-2020]
[footprint_link_issues]: The current configuration does not include the footprint library ''.
    ; warning
    @(224.79 mm, 59.69 mm): Symbol LED18 [WS2812B-2020]
[power_pin_not_driven]: Input Power pin not driven by any Output Power pins
    ; error
    @(189.23 mm, 137.16 mm): Symbol U1 Pin 6 [V_{IN}, Power input, Line]
[footprint_link_issues]: The current configuration does not include the footprint library ''.
    ; warning
    @(224.79 mm, 74.93 mm): Symbol LED17 [WS2812B-2020]
[footprint_link_issues]: The current configuration does not include the footprint library ''.
    ; warning
    @(245.11 mm, 29.21 mm): Symbol LED12 [WS2812B-2020]
[footprint_link_issues]: The current configuration does not include the footprint library ''.
    ; warning
    @(245.11 mm, 44.45 mm): Symbol LED11 [WS2812B-2020]
[footprint_link_issues]: The current configuration does not include the footprint library ''.
    ; warning
    @(245.11 mm, 59.69 mm): Symbol LED10 [WS2812B-2020]
[footprint_link_issues]: The current configuration does not include the footprint library ''.
    ; warning
    @(245.11 mm, 74.93 mm): Symbol LED9 [WS2812B-2020]
[footprint_link_issues]: The current configuration does not include the footprint library ''.
    ; warning
    @(240.03 mm, 105.41 mm): Symbol LED27 [WS2812B-2020]
[footprint_link_issues]: The current configuration does not include the footprint library ''.
    ; warning
    @(265.43 mm, 29.21 mm): Symbol LED24 [WS2812B-2020]
[footprint_link_issues]: The current configuration does not include the footprint library ''.
    ; warning
    @(265.43 mm, 44.45 mm): Symbol LED23 [WS2812B-2020]
[footprint_link_issues]: The current configuration does not include the footprint library ''.
    ; warning
    @(252.73 mm, 97.79 mm): Symbol LED26 [WS2812B-2020]
[footprint_link_issues]: The current configuration does not include the footprint library ''.
    ; warning
    @(265.43 mm, 59.69 mm): Symbol LED22 [WS2812B-2020]
[footprint_link_issues]: The current configuration does not include the footprint library ''.
    ; warning
    @(265.43 mm, 74.93 mm): Symbol LED21 [WS2812B-2020]
[footprint_link_issues]: The current configuration does not include the footprint library ''.
    ; warning
    @(265.43 mm, 90.17 mm): Symbol LED25 [WS2812B-2020]

 ** ERC messages: 75  Errors 1  Warnings 74
