** Drc report for lightfury_right.kicad_pcb **
** Created on 2026-06-04T16:39:51-0500 **

** Found 47 DRC violations **
[track_dangling]: Track has unconnected end
    Local override; warning
    @(228.2613 mm, 149.7613 mm): Track [5V_EN] on B.Cu, length 0.1613 mm
[copper_edge_clearance]: Board edge clearance violation (board setup constraints edge clearance 0.5000 mm; actual 0.3295 mm)
    Rule: board setup constraints edge; error
    @(243.0136 mm, 148.2578 mm): Segment of RE1 on Edge.Cuts
    @(244.4526 mm, 148.9586 mm): Pad [<no net>] of RE1 on F.Cu
[copper_edge_clearance]: Board edge clearance violation (board setup constraints edge clearance 0.5000 mm; actual 0.3241 mm)
    Rule: board setup constraints edge; error
    @(237.0013 mm, 153.0257 mm): Arc of RE1 on Edge.Cuts
    @(237.2081 mm, 150.8997 mm): Pad [<no net>] of RE1 on F.Cu
[copper_edge_clearance]: Board edge clearance violation (board setup constraints edge clearance 0.5000 mm; actual 0.0000 mm)
    Rule: board setup constraints edge; error
    @(236.8719 mm, 152.5428 mm): Segment of RE1 on Edge.Cuts
    @(242.8916 mm, 149.8945 mm): Pad A [ROLLUP] of RE1 on F.Cu
[copper_edge_clearance]: Board edge clearance violation (board setup constraints edge clearance 0.5000 mm; actual 0.0000 mm)
    Rule: board setup constraints edge; error
    @(236.8719 mm, 152.5428 mm): Segment of RE1 on Edge.Cuts
    @(240.9598 mm, 150.4121 mm): Pad B [GND] of RE1 on F.Cu
[copper_edge_clearance]: Board edge clearance violation (board setup constraints edge clearance 0.5000 mm; actual 0.0000 mm)
    Rule: board setup constraints edge; error
    @(236.8719 mm, 152.5428 mm): Segment of RE1 on Edge.Cuts
    @(239.0279 mm, 150.9298 mm): Pad C [ROLLDN] of RE1 on F.Cu
[silk_edge_clearance]: Silkscreen clipped by board edge
    Rule: board setup constraints silk; warning
    @(241.7146 mm, 147.5078 mm): Segment of RE1 on Edge.Cuts
    @(236.1487 mm, 167.2304 mm): Polygon of RE1 on F.Silkscreen
[lib_footprint_issues]: The current configuration does not include the footprint library 'ceoloide'.
    Local override; warning
    @(288.9682 mm, 83.8963 mm): Footprint MH4
[lib_footprint_mismatch]: Footprint 'SOT-23-5' does not match copy in library 'Package_TO_SOT_SMD'.
    Local override; warning
    @(227.3113 mm, 158.2018 mm): Footprint U2
[lib_footprint_mismatch]: Footprint 'R_0603_1608Metric' does not match copy in library 'Resistor_SMD'.
    Local override; warning
    @(232.8000 mm, 157.4243 mm): Footprint R2
[lib_footprint_issues]: The current configuration does not include the footprint library 'ceoloide'.
    Local override; warning
    @(353.3991 mm, 91.0098 mm): Footprint MH1
[lib_footprint_issues]: The current configuration does not include the footprint library 'ceoloide'.
    Local override; warning
    @(221.7012 mm, 178.0867 mm): Footprint MH7
[lib_footprint_issues]: The current configuration does not include the footprint library 'ceoloide'.
    Local override; warning
    @(248.9682 mm, 89.8963 mm): Footprint RST1
[lib_footprint_issues]: The current configuration does not include the footprint library 'ceoloide'.
    Local override; warning
    @(289.9682 mm, 182.8963 mm): Footprint MH5
[lib_footprint_issues]: The current configuration does not include the footprint library 'ceoloide'.
    Local override; warning
    @(314.9682 mm, 83.8963 mm): Footprint MH3
[lib_footprint_issues]: The current configuration does not include the footprint library 'ceoloide'.
    Local override; warning
    @(236.4682 mm, 105.0963 mm): Footprint MCU1
[lib_footprint_mismatch]: Footprint 'L_CJIANG_FTC404030S_4.1x4.1x3.0_SMD' does not match copy in library 'huntercook'.
    Local override; warning
    @(226.4363 mm, 162.5893 mm): Footprint L1
[lib_footprint_issues]: The current configuration does not include the footprint library 'ceoloide'.
    Local override; warning
    @(242.3614 mm, 193.8713 mm): Footprint MH6
[lib_footprint_mismatch]: Footprint 'R_0603_1608Metric' does not match copy in library 'Resistor_SMD'.
    Local override; warning
    @(230.5363 mm, 159.6893 mm): Footprint R1
[lib_footprint_mismatch]: Footprint 'C_0603_1608Metric' does not match copy in library 'Capacitor_SMD'.
    Local override; warning
    @(229.7863 mm, 157.4243 mm): Footprint C2
[lib_footprint_mismatch]: Footprint 'SOT-23-6' does not match copy in library 'Package_TO_SOT_SMD'.
    Local override; warning
    @(230.4813 mm, 162.5068 mm): Footprint U1
[lib_footprint_issues]: The current configuration does not include the footprint library 'ceoloide'.
    Local override; warning
    @(350.9284 mm, 172.8252 mm): Footprint MH2
[lib_footprint_issues]: The current configuration does not include the footprint library 'ceoloide'.
    Local override; warning
    @(221.2232 mm, 161.8963 mm): Footprint PWR1
[lib_footprint_mismatch]: Footprint 'C_0603_1608Metric' does not match copy in library 'Capacitor_SMD'.
    Local override; warning
    @(224.8363 mm, 158.7893 mm): Footprint C1
[lib_footprint_issues]: The current configuration does not include the footprint library 'ceoloide'.
    Local override; warning
    @(223.9682 mm, 171.8963 mm): Footprint JST1
[text_thickness]: Text thickness out of range (board setup constraints silk text thickness min thickness 0.0800 mm; actual 0.0500 mm)
    Rule: board setup constraints silk text thickness; warning
    @(226.8363 mm, 155.7893 mm): Value field of U2 (SN74LV1T126DBVR)
[text_height]: Text height out of range (board setup constraints silk text height min height 0.8000 mm; actual 0.3000 mm)
    Rule: board setup constraints silk text height; warning
    @(226.8363 mm, 155.7893 mm): Value field of U2 (SN74LV1T126DBVR)
[text_height]: Text height out of range (board setup constraints silk text height min height 0.8000 mm; actual 0.5000 mm)
    Rule: board setup constraints silk text height; warning
    @(232.8800 mm, 154.8593 mm): Value field of R2 (51kΩ)
[text_height]: Text height out of range (board setup constraints silk text height min height 0.8000 mm; actual 0.5000 mm)
    Rule: board setup constraints silk text height; warning
    @(226.3613 mm, 165.4393 mm): Value field of L1 (2.2μH)
[text_height]: Text height out of range (board setup constraints silk text height min height 0.8000 mm; actual 0.5000 mm)
    Rule: board setup constraints silk text height; warning
    @(232.5613 mm, 159.1393 mm): Value field of R1 (470kΩ)
[text_height]: Text height out of range (board setup constraints silk text height min height 0.8000 mm; actual 0.5000 mm)
    Rule: board setup constraints silk text height; warning
    @(229.8363 mm, 154.8293 mm): Value field of C2 (10μF)
[text_thickness]: Text thickness out of range (board setup constraints silk text thickness min thickness 0.0800 mm; actual 0.0500 mm)
    Rule: board setup constraints silk text thickness; warning
    @(232.4813 mm, 162.5493 mm): Value field of U1 (TLV61070ADBV)
[text_height]: Text height out of range (board setup constraints silk text height min height 0.8000 mm; actual 0.3000 mm)
    Rule: board setup constraints silk text height; warning
    @(232.4813 mm, 162.5493 mm): Value field of U1 (TLV61070ADBV)
[text_height]: Text height out of range (board setup constraints silk text height min height 0.8000 mm; actual 0.5000 mm)
    Rule: board setup constraints silk text height; warning
    @(223.6613 mm, 157.6393 mm): Value field of C1 (10μF)
[silk_over_copper]: Silkscreen clipped by solder mask
    Local override; warning
    @(236.1487 mm, 167.2304 mm): Polygon of RE1 on F.Silkscreen
[silk_over_copper]: Silkscreen clipped by solder mask
    Local override; warning
    @(232.5613 mm, 159.1393 mm): Value field of R1 (470kΩ)
[silk_over_copper]: Silkscreen clipped by solder mask
    Local override; warning
    @(251.7182 mm, 139.8963 mm): Polygon of LCD1 on F.Silkscreen
[silk_over_copper]: Silkscreen clipped by solder mask
    Local override; warning
    @(229.8700 mm, 157.4250 mm): Reference field of C3
[silk_overlap]: Silkscreen overlap
    Rule: board setup constraints silk; warning
    @(228.6963 mm, 160.3293 mm): Segment of L1 on F.Silkscreen
    @(228.9713 mm, 163.8068 mm): Polygon of U1 on F.Silkscreen
[silk_overlap]: Silkscreen overlap
    Rule: board setup constraints silk; warning
    @(231.3347 mm, 100.6879 mm): Footprint text of MCU1 (GND)
    @(251.7182 mm, 139.8963 mm): Polygon of LCD1 on F.Silkscreen
[silk_overlap]: Silkscreen overlap
    Rule: board setup constraints silk; warning
    @(228.2868 mm, 92.0783 mm): Segment of MCU1 on F.Silkscreen
    @(251.7182 mm, 139.8963 mm): Polygon of LCD1 on F.Silkscreen
[silk_overlap]: Silkscreen overlap
    Rule: board setup constraints silk; warning
    @(240.7444 mm, 90.3275 mm): Segment of MCU1 on F.Silkscreen
    @(251.7182 mm, 139.8963 mm): Polygon of LCD1 on F.Silkscreen
[silk_overlap]: Silkscreen overlap
    Rule: board setup constraints silk; warning
    @(225.6527 mm, 92.4485 mm): Segment of MCU1 on F.Silkscreen
    @(251.7182 mm, 139.8963 mm): Polygon of LCD1 on F.Silkscreen
[silk_overlap]: Silkscreen overlap
    Rule: board setup constraints silk; warning
    @(251.7182 mm, 139.8963 mm): Polygon of LCD1 on F.Silkscreen
    @(243.3785 mm, 89.9573 mm): Segment of MCU1 on F.Silkscreen
[silk_overlap]: Silkscreen overlap
    Rule: board setup constraints silk; warning
    @(229.8700 mm, 157.4250 mm): Reference field of C3
    @(229.2763 mm, 157.5649 mm): Segment of C2 on F.Silkscreen
[silk_overlap]: Silkscreen overlap
    Rule: board setup constraints silk; warning
    @(232.8800 mm, 154.8593 mm): Value field of R2 (51kΩ)
    @(236.1487 mm, 167.2304 mm): Polygon of RE1 on F.Silkscreen
[silk_overlap]: Silkscreen overlap
    Rule: board setup constraints silk; warning
    @(230.2963 mm, 157.5649 mm): Segment of C2 on F.Silkscreen
    @(229.8700 mm, 157.4250 mm): Reference field of C3

** Found 0 unconnected pads **

** Found 0 Footprint errors **

** End of Report **
